// =============================================================================
// Scilab ( http://www.scilab.org/ ) - This file is part of Scilab
// Copyright (C) 2012 - DIGITEO - Allan CORNET
//
//  This file is distributed under the same license as the Scilab package.
// ===========================================================================
//
// <-- Non-regression test for bug 10782 -->
//
// <-- CLI SHELL MODE -->
//
// <-- Bugzilla URL -->
// http://bugzilla.scilab.org/show_bug.cgi?id=10782
//
// <-- Short Description -->
// iconvert did not check input arguments
//
B = 69;
b = int32([1 -120 127 312]);
REF = int8([1 -120 127 312]);
y = iconvert(b, 1);
assert_checkequal(y, REF);
y = iconvert(B, 0); // double
assert_checkequal(type(y), 1);
assert_checkequal(typeof(y), "constant");
y = iconvert(B, 1); // int8
assert_checkequal(type(y), 8);
assert_checkequal(typeof(y), "int8");
y = iconvert(B, 2); // int16
assert_checkequal(type(y), 8);
assert_checkequal(typeof(y), "int16");
y = iconvert(B, 4); // int32
assert_checkequal(type(y), 8);
assert_checkequal(typeof(y), "int32");
y = iconvert(B, 11); // uint8
assert_checkequal(type(y), 8);
assert_checkequal(typeof(y), "uint8");
y = iconvert(B, 12); // uint16
assert_checkequal(type(y), 8);
assert_checkequal(typeof(y), "uint16");
y = iconvert(B, 14); // uint32
assert_checkequal(type(y), 8);
assert_checkequal(typeof(y), "uint32");
msgerr = msprintf(gettext("%s: Wrong value for input argument #%d: Must be in the set {%s}.\n"), "iconvert", 2,"0, 1, 2, 4, 8, 11, 12, 14, 18");
assert_checkerror ("y = iconvert(B, 20);", msgerr);
assert_checkerror: Assertion failed: expected error message = "iconvert : Valeur erronée de l'argument d'entrée n°2 : Doit être dans l'ensemble {0, 1, 2, 4, 8, 11, 12, 14, 18}." while computed error message = "iconvert: Wrong value for input argument #2: Must be in the set {0, 1, 2, 4, 8, 11, 12, 14, 18}.".
at line   106 of function assert_checkerror called by :
assert_checkerror("y = iconvert(B, 20);", msgerr)
at line    68 of exec file called by :
