// =============================================================================
// Scilab ( http://www.scilab.org/ ) - This file is part of Scilab
// Copyright (C) 2012 - SCILAB ENTERPRISES - Simon GARESTE
//
//  This file is distributed under the same license as the Scilab package.
// =============================================================================
// <-- CLI SHELL MODE -->
w = "testing";
x = list(1, "hello");
y = [1 2;3 4];
z = 1;
save(TMPDIR + "/w.sod", "w");
save(TMPDIR + "/x.sod", "x");
save(TMPDIR + "/y.sod", "y");
save(TMPDIR + "/z.sod", "z");
a = h5open(TMPDIR + "/w.sod", "r");
assert_checkequal(h5isGroup(a),%F);
assert_checkequal(h5isGroup(a.root),%T);
assert_checkequal(h5isGroup(a.root.w),%F);
assert_checkequal(h5isGroup(a.root.w.type),%F);
h5close(a);
b = h5open(TMPDIR + "/x.sod", "r");
assert_checkequal(h5isGroup(b),%F);
assert_checkequal(h5isGroup(b.root),%T);
assert_checkequal(h5isGroup(b.root.x),%F);
assert_checkequal(h5isGroup(b.root.x.type),%F);
h5close(b);
assert_checkequal(deletefile(TMPDIR+"/w.sod"),%T);
assert_checkequal(deletefile(TMPDIR+"/x.sod"),%T);
assert_checkequal(deletefile(TMPDIR+"/y.sod"),%T);
assert_checkequal(deletefile(TMPDIR+"/z.sod"),%T);
