// =============================================================================
// Scilab ( http://www.scilab.org/ ) - This file is part of Scilab
// Copyright (C) 2011 - DIGITEO - Vincent COUVERT
//
//  This file is distributed under the same license as the Scilab package.
// =============================================================================
// <-- NO CHECK ERROR OUTPUT -->
// <-- ENGLISH IMPOSED -->
// Test the Xcos toolbox skeleton in SCI/contrib/
//  - Building/Compilation
//  - Loading
//  - Tests
// Xcos external module skeleton
status = copyfile(SCI + "/contrib/xcos_toolbox_skeleton/", TMPDIR + "/xcos_toolbox_skeleton/");
assert_checkequal(status, 1);
exec("TMPDIR/xcos_toolbox_skeleton/builder.sce");
Création des macros...
-- Création de [xcos_toolbox_skeletonlib] (Macros) --
genlib : Traitement du fichier : TBX_MUT_STYLE.sci
genlib : Traitement du fichier : TBX_SUM_c.sci
genlib : Régénère les noms et les bibliothèques
Création des blocs...
Création des sources...
   Génère un fichier loader
   Génère un Makefile
   ilib_gen_Make : Copie les fichiers de compilation (Makefile*, libtool...) vers TMPDIR
   ilib_gen_Make : Copie block_sum.c vers TMPDIR
   ilib_gen_Make : Copie business_sum.c vers TMPDIR
   ilib_gen_Make : Configure : Génère le Makefile.
   ilib_gen_Make : Modification du Makefile dans TMPDIR.
   Exécute le Makefile
   Génère un fichier cleaner
Création de la passerelle...
   Génère un fichier gateway
   Génère un fichier loader
   Génère un Makefile
   ilib_gen_Make : Copie les fichiers de compilation (Makefile*, libtool...) vers TMPDIR
   ilib_gen_Make : Copie libxcos_toolbox_skeleton_c.c vers TMPDIR
   ilib_gen_Make : Copie sci_tbx_sum.c vers TMPDIR
   ilib_gen_Make : Configure : Génère le Makefile.
   ilib_gen_Make : Modification du Makefile dans TMPDIR.
   Exécute le makefile
   Génère un fichier cleaner
Génération de loader_gateway.sce...
Génération de cleaner_gateway.sce...
Création des fichiers d'aide...

Génération du document maître :
	TMPDIR/xcos_toolbox_skeleton/help/en_US

Génération du fichier d'aide [javaHelp] in TMPDIR/xcos_toolbox_skeleton/help/en_US.
Génération de loader.sce...
Génération de cleaner.sce...
exec("TMPDIR/xcos_toolbox_skeleton/loader.sce");
Start Xcos toolbox skeleton
	Load macros
	Load palette
	Load simulations functions
	Load gateways
	Load help
	Load demos
test_run("TMPDIR/xcos_toolbox_skeleton/");
   TMPDIR = TMPDIR

   001/001 - [TMPDIR/xcos_toolbox_skeleton/] : 

   001/001 - [TMPDIR/xcos_toolbox_skeleton/] tbx_sum............passed


   --------------------------------------------------------------------------
   Summary

   tests              1 - 100 % 
   passed             1 - 100 % 
   failed             0 -   0 % 
   skipped              0 -   0 % 
   length              2.53 sec 
   --------------------------------------------------------------------------
