// =============================================================================
// Scilab ( http://www.scilab.org/ ) - This file is part of Scilab
// Copyright (C) 2013 - Scilab Enterprises - Antoine ELIAS
//
//  This file is distributed under the same license as the Scilab package.
// =============================================================================
// <-- CLI SHELL MODE -->
//
// <-- Non-regression test for bug 13862 -->
//
// <-- Bugzilla URL -->
// http://bugzilla.scilab.org/13862
//
// <-- Short Description -->
// There is no lazy of 'or' operands in 'if' test
if 1 | 1/0 then disp("ok");else disp("non ok");end
 ok
