// =============================================================================
// Scilab ( http://www.scilab.org/ ) - This file is part of Scilab
// Copyright (C) ????-2008 - INRIA
//
//  This file is distributed under the same license as the Scilab package.
// =============================================================================
format('v',10)
//display of numbers
x=2.6533333
x  = 
    2.6533333
x=[2.6533333 -0.0002]
x  = 
    2.6533333  - 0.0002
x'
 ans  =
    2.6533333
  - 0.0002
x=[]
x  = 
    []
//display of polynomials
z=poly(0,'z')
z  = 
     
    z
num=[ (((((1)*z-2.6533333)*z+2.6887936)*z-1.2916784)*z+0.2911572)*...
     z-0.0243497
      (((((1)*z-2.6533333)*z+2.6887936)*z-1.2916784)*z+0.2911572)*...
     z-0.0243497
     (((1)*z )*z )*z+1
     0]
num=[ (((((1)*z-2.6533333)*z+2.6887936)*z-1.2916784)*z+0.2911572)*...
     z-0.0243497
      (((((1)*z-2.6533333)*z+2.6887936)*z-1.2916784)*z+0.2911572)*...
     z-0.0243497
     (((1)*z )*z )*z+1
     0]
Opération non définie pour les opérandes données.
Vérifier ou définir la fonction %p_u_p pour la surcharge.
at line    31 of exec file called by :
