// =============================================================================
// Scilab ( http://www.scilab.org/ ) - This file is part of Scilab
// Copyright (C) 2008 - INRIA
// Copyright (C) 2010 - DIGITEO - Bruno JOFRET
//
//  This file is distributed under the same license as the Scilab package.
// =============================================================================
// <-- ENGLISH IMPOSED -->
//type
// Special cases
if type(%nan) <> 1 then bugmes();quit;end
if type(%inf) <> 1 then bugmes();quit;end
// double <-> 1
if type(1) <> 1 then bugmes();quit;end
// polynomial <-> 2
if type(poly(0,"x")) <> 2 then bugmes();quit;end
// boolean
if type(%t) <> 4 then bugmes();quit;end
if type(%f) <> 4 then bugmes();quit;end
// sparse <-> 5
if type(sparse([1,2;4,5;3,10],[1,2,3])) <> 5 then bugmes();quit;end
// boolean sparse <-> 6
if type(sparse([1,2;4,5;3,10], [%t,%t, %t])) <> 6 then bugmes();quit;end
// int <-> 8
if type(int8(0)) <> 8 then bugmes();quit;end
if type(uint8(0)) <> 8 then bugmes();quit;end
if type(int16(0)) <> 8 then bugmes();quit;end
if type(uint16(0)) <> 8 then bugmes();quit;end
if type(int32(0)) <> 8 then bugmes();quit;end
if type(uint32(0)) <> 8 then bugmes();quit;end
// handle <-> 9
if type(gdf()) <> 9 then bugmes();quit;end
// string <-> 10
if type("scilab") <> 10 then bugmes();quit;end
// Uncompiled function <-> 11 ??????????????????
deff("__private__()","");
recompilefunction("__private__","n");
at line    31 of function recompilefunction ( SCI/modules/functions/macros/recompilefunction.sci line 40 )
at line    63 of executed file TMPDIR/type.tst
Undefined variable: macr2lst
