// =============================================================================
// Scilab ( http://www.scilab.org/ ) - This file is part of Scilab
// Copyright (C) 2008 - INRIA
//
//  This file is distributed under the same license as the Scilab package.
// =============================================================================
//typename
[typs,nams]=typename();
at line    23 of executed file TMPDIR/typename.tst
typename : Nombre erroné d'arguments d'entrée : 0 attendus.
