// =============================================================================
// Scilab ( http://www.scilab.org/ ) - This file is part of Scilab
// Copyright (C) 2014 - Scilab Enterprises - Paul Bignier
//
//  This file is distributed under the same license as the Scilab package.
// =============================================================================+
//
// <-- CLI SHELL MODE -->
//
loadXcosLibs();
// Generate a default graphics list
myGraphics = scicos_graphics();
myModel = scicos_model();
p = funcprot();
funcprot(0);
mlist = scicos_new;
setfield = scicos_setfield;
funcprot(p);
// Allocate a specific block
o = scicos_block(graphics=myGraphics, model=myModel);
objectCreated( 1 , BLOCK )
propertyUpdated( 1 , BLOCK , GEOMETRY ) : NO_CHANGES
propertyUpdated( 1 , BLOCK , GEOMETRY ) : NO_CHANGES
propertyUpdated( 1 , BLOCK , ANGLE ) : NO_CHANGES
propertyUpdated( 1 , BLOCK , ANGLE ) : NO_CHANGES
propertyUpdated( 1 , BLOCK , EXPRS ) : NO_CHANGES
propertyUpdated( 1 , BLOCK , LABEL ) : NO_CHANGES
propertyUpdated( 1 , BLOCK , STYLE ) : NO_CHANGES
propertyUpdated( 1 , BLOCK , SIM_FUNCTION_NAME ) : NO_CHANGES
propertyUpdated( 1 , BLOCK , SIM_FUNCTION_API ) : NO_CHANGES
propertyUpdated( 1 , BLOCK , STATE ) : NO_CHANGES
propertyUpdated( 1 , BLOCK , DSTATE ) : NO_CHANGES
propertyUpdated( 1 , BLOCK , RPAR ) : NO_CHANGES
propertyUpdated( 1 , BLOCK , IPAR ) : NO_CHANGES
propertyUpdated( 1 , BLOCK , SIM_BLOCKTYPE ) : SUCCESS
propertyUpdated( 1 , BLOCK , SIM_DEP_UT ) : NO_CHANGES
propertyUpdated( 1 , BLOCK , LABEL ) : NO_CHANGES
propertyUpdated( 1 , BLOCK , NZCROSS ) : NO_CHANGES
propertyUpdated( 1 , BLOCK , NMODE ) : NO_CHANGES
propertyUpdated( 1 , BLOCK , UID ) : NO_CHANGES
propertyUpdated( 1 , BLOCK , INTERFACE_FUNCTION ) : NO_CHANGES
// Tune myGraphics and pass it to the block
myGraphics.orig = [50 50];
myGraphics.flip = %f;
myGraphics.exprs = "expression";
o.graphics = myGraphics;
propertyUpdated( 1 , BLOCK , GEOMETRY ) : SUCCESS
propertyUpdated( 1 , BLOCK , GEOMETRY ) : NO_CHANGES
propertyUpdated( 1 , BLOCK , ANGLE ) : SUCCESS
propertyUpdated( 1 , BLOCK , ANGLE ) : NO_CHANGES
propertyUpdated( 1 , BLOCK , EXPRS ) : SUCCESS
propertyUpdated( 1 , BLOCK , LABEL ) : NO_CHANGES
propertyUpdated( 1 , BLOCK , STYLE ) : NO_CHANGES
