// =============================================================================
// Scilab ( http://www.scilab.org/ ) - This file is part of Scilab
// Copyright (C) 2015 - Scilab Enterprises - Paul Bignier
// Copyright (C) ????-2008 - INRIA
//
//  This file is distributed under the same license as the Scilab package.
// =============================================================================
// <-- CLI SHELL MODE -->
a = list("cos", [1.1 2]);
b = var2vec(a);
assert_checkequal(type(b), 1);
assert_checkequal(size(b), [17 1]);
// Double
a = [];
assert_checkequal(var2vec(a), [12; 2; 0; 0; 0]);
Mat = [10 11 12 13; 14 15 16 17];
assert_checkequal(var2vec(Mat), [12; 2; 2; 4; 0; 10; 14; 11; 15; 12; 16; 13; 17]);
HyperMat = HyperMat([2, 2, 2], 1:8);
HyperMat = HyperMat([2, 2, 2], 1:8);
Undefined variable: HyperMat
at line    34 of exec file called by :
