// =============================================================================
// Scilab ( http://www.scilab.org/ ) - This file is part of Scilab
// Copyright (C) 2015 - Scilab Enterprises - Paul Bignier
// Copyright (C) ????-2008 - INRIA
//
//  This file is distributed under the same license as the Scilab package.
// =============================================================================
// <-- CLI SHELL MODE -->
a = list("cos", [1.1 2]);
b = var2vec(a);
var2vec: Wrong type for input argument #1: Unknown type.
b = var2vec(a);
at line    25 of exec file called by :
