// =============================================================================
// Scilab ( http://www.scilab.org/ ) - This file is part of Scilab
// Copyright (C) 2015 - Scilab Enterprises - Paul Bignier
// Copyright (C) ????-2008 - INRIA
//
//  This file is distributed under the same license as the Scilab package.
// =============================================================================
// <-- CLI SHELL MODE -->
a = list("cos", [1.1 2]);
b = var2vec(a);
c = vec2var(b);
assert_checkequal(type(c), 15);
assert_checkequal(c(1),    "cos");
