// =============================================================================
// Scilab ( http://www.scilab.org/ ) - This file is part of Scilab
// Copyright (C) 2010 - DIGITEO - Allan CORNET
//
//  This file is distributed under the same license as the Scilab package.
// =============================================================================
//
// <-- JVM NOT MANDATORY -->
//
// <-- Non-regression test for bug 7907 -->
//
// <-- Bugzilla URL -->
// http://bugzilla.scilab.org/show_bug.cgi?id=7907
// <-- Short Description -->
// ilib_build, ilib_for_link, ... did not check 'files' input argument.
// 
//
ilib_verbose(0);
cd(TMPDIR);
files = ['fun1.c','fun2.c','sci_fun1.c'];
if execstr("ilib_build(""build_c"", [""fun1"", ""sci_fun1""],files,[]);", "errcatch") <> 999 then bugmes();quit;end
if lasterror() <> msprintf(_("%s: Wrong value for input argument #%d: existing file(s) expected.\n"), "ilib_build", 3) then bugmes();quit;end
if execstr("ilib_for_link(""ext1c"", ""fun1.c"", [], ""c"");", "errcatch") <> 999 then bugmes();quit;end
if lasterror() <> msprintf(_("%s: Wrong value for input argument #%d: existing file(s) expected.\n"), "ilib_for_link", 2) then bugmes();quit;end
if execstr("ilib_compile(""myLib"", ""Makelib"", ""fun1.c"");", "errcatch") <> 999 then bugmes();quit;end
if lasterror() <> msprintf(_("%s: Wrong value for input argument #%d: existing file(s) expected.\n"), "ilib_compile", 3) then bugmes();quit;end
if execstr("ilib_mex_build(""libmex"", [""mexf16"", ""mexfunction16"", ""cmex""],[""fun1.c""],[],[],"""","""","""");", "errcatch") <> 999 then bugmes();quit;end
if lasterror() <> msprintf(_("%s: Wrong value for input argument #%d: existing file(s) expected.\n"), "ilib_mex_build", 3) then bugmes();quit;end
// =============================================================================
