// =============================================================================
// Scilab ( http://www.scilab.org/ ) - This file is part of Scilab
// Copyright (C) 2013 - Scilab Enterprises - Paul Bignier
//
//  This file is distributed under the same license as the Scilab package.
// =============================================================================
//
// <-- CLI SHELL MODE -->
assert_checkequal(bitshift(2^10,  1), 2^11);
assert_checkequal(bitshift(2^10, -1), 2^9);
assert_checkequal(bitshift([2^10 2^10], [3 -3]), [2^13 2^7]);
assert_checkequal(bitshift([2^10 2^4], 3), [2^13 2^7]);
assert_checkequal(bitshift(2^10, [3 -3]), [2^13 2^7]);
assert_checkequal(bitshift([2^10 2^10; 3 4], [3 -3; -1 5]), [2^13 2^7; 1 2^7]);
refMsg = msprintf(_("%s: Wrong size for argument: Incompatible dimensions.\n"), "bitshift");
assert_checkerror("bitshift([2 2], [1 2 3])", refMsg);
assert_checkerror("bitshift([2 2; 2 2], [1 2])", refMsg);
