// =============================================================================
// Scilab ( http://www.scilab.org/ ) - This file is part of Scilab
// Copyright (C) 2008 - INRIA
// Copyright (C) 2009 - DIGITEO
//
//  This file is distributed under the same license as the Scilab package.
// =============================================================================
// <-- ENGLISH IMPOSED -->
ilib_verbose(0);
exec(fullfile(SCI,'modules','xcos','tests','unit_tests','PENDULUM_ANIM.sci'));
exec(fullfile(SCI,'modules','xcos','tests','unit_tests','anim_pen.sci'));
importXcosDiagram(fullfile(SCI,'modules','xcos','tests','unit_tests','pendulum_anim45.xcos'));
