// Scilab ( http://www.scilab.org/ ) - This file is part of Scilab
// Copyright (C) DIGITEO - 2015-2015 - Clément DAVID
//
// This file is distributed under the same license as the Scilab package.
// <-- XCOS TEST -->
//
// <-- Short Description -->
// Internal test to check that xcos files and zcos files can be loaded and saved
function check_file(file)
	// load the empty file and save it
	scs_m = xcosDiagramToScilab(SCI+"/modules/xcos/tests/unit_tests/"+file)
	xcosDiagramToScilab(TMPDIR+"/"+file, scs_m)
	// then reload it and check that the two diagrams are equals
	old_scs_m = scs_m;
	scs_m = xcosDiagramToScilab(SCI+"/modules/xcos/tests/unit_tests/"+file);
	assert_checktrue(old_scs_m == scs_m);
endfunction
check_file("empty.xcos");
check_file("empty.zcos");
