// =============================================================================
// Scilab ( http://www.scilab.org/ ) - This file is part of Scilab
// Copyright (C) 2010 - DIGITEO - Bernard HUGUENEY
//
//  This file is distributed under the same license as the Scilab package.
// =============================================================================
// <-- Non-regression test for bug 7453 -->
//
// <-- Bugzilla URL -->
// http://bugzilla.scilab.org/show_bug.cgi?id=7453
//
// <-- Short Description -->
// after hashtable rewrite, it was not possible anymore to call newfun()
// after removing the funptr with clearfun()
// <-- JVM NOT MANDATORY -->
id = funptr('xcos')
 id  =
 
    64001.  
clearfun('xcos')
 ans  =
 
  T  
newfun('xcos', id)
