// =============================================================================
// Scilab ( http://www.scilab.org/ ) - This file is part of Scilab
// Copyright (C) 2011 - DIGITEO - Allan CORNET
//
//  This file is distributed under the same license as the Scilab package.
// =============================================================================
//
// <-- Non-regression test for bug 9936 -->
//
// <-- JVM NOT MANDATORY -->
// 
// <-- Bugzilla URL -->
// http://bugzilla.scilab.org/show_bug.cgi?id=9936
//
// <-- Short Description -->
// clear("to+to"), clear to+to did not return a error
// invalid variable name
ierr = execstr("clear(""to+to"")", "errcatch");
assert_checkequal(ierr, 201);
msg_ref = msprintf(gettext("%s: Wrong value for argument %d: Valid variable name expected.\n"), "clear", 1);
assert_checkerror ("clear(""to+to"")", msg_ref);
