// =============================================================================
// Scilab ( http://www.scilab.org/ ) - This file is part of Scilab
// Copyright (C) 2014 - Scilab Enterprises - Paul Bignier
//
//  This file is distributed under the same license as the Scilab package.
// =============================================================================
// <-- CLI SHELL MODE -->
loadXcosLibs();
scicos_log("TRACE");
// Check consecutive initialization of a diagram in a SuperBlock
super = scicos_block();
objectCreated( 1 , BLOCK )
propertyUpdated( 1 , BLOCK , GEOMETRY ) : NO_CHANGES
propertyUpdated( 1 , BLOCK , GEOMETRY ) : NO_CHANGES
propertyUpdated( 1 , BLOCK , ANGLE ) : NO_CHANGES
propertyUpdated( 1 , BLOCK , ANGLE ) : NO_CHANGES
propertyUpdated( 1 , BLOCK , EXPRS ) : NO_CHANGES
propertyUpdated( 1 , BLOCK , LABEL ) : NO_CHANGES
propertyUpdated( 1 , BLOCK , STYLE ) : NO_CHANGES
propertyUpdated( 1 , BLOCK , SIM_FUNCTION_NAME ) : NO_CHANGES
propertyUpdated( 1 , BLOCK , SIM_FUNCTION_API ) : NO_CHANGES
propertyUpdated( 1 , BLOCK , STATE ) : NO_CHANGES
propertyUpdated( 1 , BLOCK , DSTATE ) : NO_CHANGES
propertyUpdated( 1 , BLOCK , ODSTATE ) : NO_CHANGES
propertyUpdated( 1 , BLOCK , RPAR ) : NO_CHANGES
propertyUpdated( 1 , BLOCK , IPAR ) : NO_CHANGES
propertyUpdated( 1 , BLOCK , OPAR ) : NO_CHANGES
propertyUpdated( 1 , BLOCK , SIM_BLOCKTYPE ) : NO_CHANGES
propertyUpdated( 1 , BLOCK , SIM_DEP_UT ) : NO_CHANGES
propertyUpdated( 1 , BLOCK , LABEL ) : NO_CHANGES
propertyUpdated( 1 , BLOCK , NZCROSS ) : NO_CHANGES
propertyUpdated( 1 , BLOCK , NMODE ) : NO_CHANGES
propertyUpdated( 1 , BLOCK , UID ) : NO_CHANGES
propertyUpdated( 1 , BLOCK , INTERFACE_FUNCTION ) : NO_CHANGES
d         = scicos_diagram();
objectCreated( 2 , DIAGRAM )
propertyUpdated( 2 , DIAGRAM , TITLE ) : NO_CHANGES
propertyUpdated( 2 , DIAGRAM , PATH ) : NO_CHANGES
propertyUpdated( 2 , DIAGRAM , PROPERTIES ) : NO_CHANGES
propertyUpdated( 2 , DIAGRAM , PROPERTIES ) : NO_CHANGES
propertyUpdated( 2 , DIAGRAM , CONTEXT ) : NO_CHANGES
propertyUpdated( 2 , DIAGRAM , CHILDREN ) : NO_CHANGES
propertyUpdated( 2 , DIAGRAM , VERSION_NUMBER ) : NO_CHANGES
sub       = scicos_block();
objectCreated( 3 , BLOCK )
propertyUpdated( 3 , BLOCK , GEOMETRY ) : NO_CHANGES
propertyUpdated( 3 , BLOCK , GEOMETRY ) : NO_CHANGES
propertyUpdated( 3 , BLOCK , ANGLE ) : NO_CHANGES
propertyUpdated( 3 , BLOCK , ANGLE ) : NO_CHANGES
propertyUpdated( 3 , BLOCK , EXPRS ) : NO_CHANGES
propertyUpdated( 3 , BLOCK , LABEL ) : NO_CHANGES
propertyUpdated( 3 , BLOCK , STYLE ) : NO_CHANGES
propertyUpdated( 3 , BLOCK , SIM_FUNCTION_NAME ) : NO_CHANGES
propertyUpdated( 3 , BLOCK , SIM_FUNCTION_API ) : NO_CHANGES
propertyUpdated( 3 , BLOCK , STATE ) : NO_CHANGES
propertyUpdated( 3 , BLOCK , DSTATE ) : NO_CHANGES
propertyUpdated( 3 , BLOCK , ODSTATE ) : NO_CHANGES
propertyUpdated( 3 , BLOCK , RPAR ) : NO_CHANGES
propertyUpdated( 3 , BLOCK , IPAR ) : NO_CHANGES
propertyUpdated( 3 , BLOCK , OPAR ) : NO_CHANGES
propertyUpdated( 3 , BLOCK , SIM_BLOCKTYPE ) : NO_CHANGES
propertyUpdated( 3 , BLOCK , SIM_DEP_UT ) : NO_CHANGES
propertyUpdated( 3 , BLOCK , LABEL ) : NO_CHANGES
propertyUpdated( 3 , BLOCK , NZCROSS ) : NO_CHANGES
propertyUpdated( 3 , BLOCK , NMODE ) : NO_CHANGES
propertyUpdated( 3 , BLOCK , UID ) : NO_CHANGES
propertyUpdated( 3 , BLOCK , INTERFACE_FUNCTION ) : NO_CHANGES
d.objs(1) = sub;
objectCreated( 4 , BLOCK )
propertyUpdated( 4 , BLOCK , SIM_FUNCTION_API ) : NO_CHANGES
propertyUpdated( 4 , BLOCK , INTERFACE_FUNCTION ) : NO_CHANGES
propertyUpdated( 4 , BLOCK , SIM_FUNCTION_NAME ) : NO_CHANGES
propertyUpdated( 4 , BLOCK , SIM_BLOCKTYPE ) : NO_CHANGES
propertyUpdated( 4 , BLOCK , UID ) : NO_CHANGES
propertyUpdated( 4 , BLOCK , STYLE ) : NO_CHANGES
propertyUpdated( 4 , BLOCK , LABEL ) : NO_CHANGES
propertyUpdated( 4 , BLOCK , GEOMETRY ) : NO_CHANGES
propertyUpdated( 4 , BLOCK , ANGLE ) : NO_CHANGES
propertyUpdated( 4 , BLOCK , STATE ) : NO_CHANGES
propertyUpdated( 4 , BLOCK , DSTATE ) : NO_CHANGES
propertyUpdated( 4 , BLOCK , RPAR ) : NO_CHANGES
propertyUpdated( 4 , BLOCK , SIM_DEP_UT ) : NO_CHANGES
propertyUpdated( 4 , BLOCK , ODSTATE ) : NO_CHANGES
propertyUpdated( 4 , BLOCK , NZCROSS ) : NO_CHANGES
propertyUpdated( 4 , BLOCK , NMODE ) : NO_CHANGES
propertyUpdated( 4 , BLOCK , IPAR ) : NO_CHANGES
propertyUpdated( 4 , BLOCK , OPAR ) : NO_CHANGES
propertyUpdated( 4 , BLOCK , EXPRS ) : NO_CHANGES
propertyUpdated( 4 , BLOCK , EQUATIONS ) : NO_CHANGES
propertyUpdated( 4 , BLOCK , PARENT_DIAGRAM ) : NO_CHANGES
propertyUpdated( 4 , BLOCK , INPUTS ) : NO_CHANGES
propertyUpdated( 4 , BLOCK , OUTPUTS ) : NO_CHANGES
propertyUpdated( 4 , BLOCK , EVENT_INPUTS ) : NO_CHANGES
propertyUpdated( 4 , BLOCK , EVENT_OUTPUTS ) : NO_CHANGES
propertyUpdated( 4 , BLOCK , PARENT_BLOCK ) : NO_CHANGES
propertyUpdated( 4 , BLOCK , CHILDREN ) : NO_CHANGES
propertyUpdated( 4 , BLOCK , PARENT_DIAGRAM ) : SUCCESS
propertyUpdated( 2 , DIAGRAM , CHILDREN ) : SUCCESS
super.model.rpar = d;
propertyUpdated( 1 , BLOCK , SIM_FUNCTION_NAME ) : NO_CHANGES
propertyUpdated( 1 , BLOCK , SIM_FUNCTION_API ) : NO_CHANGES
propertyUpdated( 1 , BLOCK , STATE ) : NO_CHANGES
propertyUpdated( 1 , BLOCK , DSTATE ) : NO_CHANGES
propertyUpdated( 1 , BLOCK , ODSTATE ) : NO_CHANGES
propertyUpdated( 1 , BLOCK , CHILDREN ) : SUCCESS
propertyUpdated( 4 , BLOCK , PARENT_BLOCK ) : SUCCESS
propertyUpdated( 1 , BLOCK , IPAR ) : NO_CHANGES
propertyUpdated( 1 , BLOCK , OPAR ) : NO_CHANGES
propertyUpdated( 1 , BLOCK , SIM_BLOCKTYPE ) : NO_CHANGES
propertyUpdated( 1 , BLOCK , SIM_DEP_UT ) : NO_CHANGES
propertyUpdated( 1 , BLOCK , LABEL ) : NO_CHANGES
propertyUpdated( 1 , BLOCK , NZCROSS ) : NO_CHANGES
propertyUpdated( 1 , BLOCK , NMODE ) : NO_CHANGES
propertyUpdated( 1 , BLOCK , UID ) : NO_CHANGES
// 'b' is a SuperBlock containing a Block
sizeBeforeInsert = size(super.model.rpar.objs);
super.model.rpar = d;
propertyUpdated( 1 , BLOCK , SIM_FUNCTION_NAME ) : NO_CHANGES
propertyUpdated( 1 , BLOCK , SIM_FUNCTION_API ) : NO_CHANGES
propertyUpdated( 1 , BLOCK , STATE ) : NO_CHANGES
propertyUpdated( 1 , BLOCK , DSTATE ) : NO_CHANGES
propertyUpdated( 1 , BLOCK , ODSTATE ) : NO_CHANGES
propertyUpdated( 1 , BLOCK , CHILDREN ) : NO_CHANGES
propertyUpdated( 4 , BLOCK , PARENT_BLOCK ) : NO_CHANGES
propertyUpdated( 1 , BLOCK , IPAR ) : NO_CHANGES
propertyUpdated( 1 , BLOCK , OPAR ) : NO_CHANGES
propertyUpdated( 1 , BLOCK , SIM_BLOCKTYPE ) : NO_CHANGES
propertyUpdated( 1 , BLOCK , SIM_DEP_UT ) : NO_CHANGES
propertyUpdated( 1 , BLOCK , LABEL ) : NO_CHANGES
propertyUpdated( 1 , BLOCK , NZCROSS ) : NO_CHANGES
propertyUpdated( 1 , BLOCK , NMODE ) : NO_CHANGES
propertyUpdated( 1 , BLOCK , UID ) : NO_CHANGES
sizeAfterInsert  = size(super.model.rpar.objs);
assert_checkequal(sizeBeforeInsert, 1);
assert_checkequal(sizeAfterInsert,  1);
// Check consecutive initialization of a SuperBlock in a diagram
superD = scicos_diagram();
objectCreated( 5 , DIAGRAM )
propertyUpdated( 5 , DIAGRAM , TITLE ) : NO_CHANGES
propertyUpdated( 5 , DIAGRAM , PATH ) : NO_CHANGES
propertyUpdated( 5 , DIAGRAM , PROPERTIES ) : NO_CHANGES
propertyUpdated( 5 , DIAGRAM , PROPERTIES ) : NO_CHANGES
propertyUpdated( 5 , DIAGRAM , CONTEXT ) : NO_CHANGES
propertyUpdated( 5 , DIAGRAM , CHILDREN ) : NO_CHANGES
propertyUpdated( 5 , DIAGRAM , VERSION_NUMBER ) : NO_CHANGES
superD.objs(1) = super;
objectCreated( 6 , BLOCK )
propertyUpdated( 6 , BLOCK , SIM_FUNCTION_API ) : NO_CHANGES
propertyUpdated( 6 , BLOCK , INTERFACE_FUNCTION ) : NO_CHANGES
propertyUpdated( 6 , BLOCK , SIM_FUNCTION_NAME ) : NO_CHANGES
propertyUpdated( 6 , BLOCK , SIM_BLOCKTYPE ) : NO_CHANGES
propertyUpdated( 6 , BLOCK , UID ) : NO_CHANGES
propertyUpdated( 6 , BLOCK , STYLE ) : NO_CHANGES
propertyUpdated( 6 , BLOCK , LABEL ) : NO_CHANGES
propertyUpdated( 6 , BLOCK , GEOMETRY ) : NO_CHANGES
propertyUpdated( 6 , BLOCK , ANGLE ) : NO_CHANGES
propertyUpdated( 6 , BLOCK , STATE ) : NO_CHANGES
propertyUpdated( 6 , BLOCK , DSTATE ) : NO_CHANGES
propertyUpdated( 6 , BLOCK , RPAR ) : NO_CHANGES
propertyUpdated( 6 , BLOCK , SIM_DEP_UT ) : NO_CHANGES
propertyUpdated( 6 , BLOCK , ODSTATE ) : NO_CHANGES
propertyUpdated( 6 , BLOCK , NZCROSS ) : NO_CHANGES
propertyUpdated( 6 , BLOCK , NMODE ) : NO_CHANGES
propertyUpdated( 6 , BLOCK , IPAR ) : NO_CHANGES
propertyUpdated( 6 , BLOCK , OPAR ) : NO_CHANGES
propertyUpdated( 6 , BLOCK , EXPRS ) : NO_CHANGES
propertyUpdated( 6 , BLOCK , EQUATIONS ) : NO_CHANGES
propertyUpdated( 6 , BLOCK , PARENT_DIAGRAM ) : NO_CHANGES
propertyUpdated( 6 , BLOCK , INPUTS ) : NO_CHANGES
propertyUpdated( 6 , BLOCK , OUTPUTS ) : NO_CHANGES
propertyUpdated( 6 , BLOCK , EVENT_INPUTS ) : NO_CHANGES
propertyUpdated( 6 , BLOCK , EVENT_OUTPUTS ) : NO_CHANGES
propertyUpdated( 6 , BLOCK , PARENT_BLOCK ) : NO_CHANGES
objectCreated( 7 , BLOCK )
propertyUpdated( 7 , BLOCK , SIM_FUNCTION_API ) : NO_CHANGES
propertyUpdated( 7 , BLOCK , INTERFACE_FUNCTION ) : NO_CHANGES
propertyUpdated( 7 , BLOCK , SIM_FUNCTION_NAME ) : NO_CHANGES
propertyUpdated( 7 , BLOCK , SIM_BLOCKTYPE ) : NO_CHANGES
propertyUpdated( 7 , BLOCK , UID ) : NO_CHANGES
propertyUpdated( 7 , BLOCK , STYLE ) : NO_CHANGES
propertyUpdated( 7 , BLOCK , LABEL ) : NO_CHANGES
propertyUpdated( 7 , BLOCK , GEOMETRY ) : NO_CHANGES
propertyUpdated( 7 , BLOCK , ANGLE ) : NO_CHANGES
propertyUpdated( 7 , BLOCK , STATE ) : NO_CHANGES
propertyUpdated( 7 , BLOCK , DSTATE ) : NO_CHANGES
propertyUpdated( 7 , BLOCK , RPAR ) : NO_CHANGES
propertyUpdated( 7 , BLOCK , SIM_DEP_UT ) : NO_CHANGES
propertyUpdated( 7 , BLOCK , ODSTATE ) : NO_CHANGES
propertyUpdated( 7 , BLOCK , NZCROSS ) : NO_CHANGES
propertyUpdated( 7 , BLOCK , NMODE ) : NO_CHANGES
propertyUpdated( 7 , BLOCK , IPAR ) : NO_CHANGES
propertyUpdated( 7 , BLOCK , OPAR ) : NO_CHANGES
propertyUpdated( 7 , BLOCK , EXPRS ) : NO_CHANGES
propertyUpdated( 7 , BLOCK , EQUATIONS ) : NO_CHANGES
propertyUpdated( 7 , BLOCK , PARENT_DIAGRAM ) : NO_CHANGES
propertyUpdated( 7 , BLOCK , INPUTS ) : NO_CHANGES
propertyUpdated( 7 , BLOCK , OUTPUTS ) : NO_CHANGES
propertyUpdated( 7 , BLOCK , EVENT_INPUTS ) : NO_CHANGES
propertyUpdated( 7 , BLOCK , EVENT_OUTPUTS ) : NO_CHANGES
propertyUpdated( 7 , BLOCK , PARENT_BLOCK ) : SUCCESS
propertyUpdated( 7 , BLOCK , CHILDREN ) : NO_CHANGES
propertyUpdated( 6 , BLOCK , CHILDREN ) : SUCCESS
objectCreated( 8 , DIAGRAM )
propertyUpdated( 8 , DIAGRAM , TITLE ) : NO_CHANGES
propertyUpdated( 8 , DIAGRAM , PATH ) : NO_CHANGES
propertyUpdated( 8 , DIAGRAM , VERSION_NUMBER ) : NO_CHANGES
propertyUpdated( 8 , DIAGRAM , PROPERTIES ) : NO_CHANGES
propertyUpdated( 8 , DIAGRAM , CONTEXT ) : NO_CHANGES
objectCreated( 9 , BLOCK )
propertyUpdated( 9 , BLOCK , SIM_FUNCTION_API ) : NO_CHANGES
propertyUpdated( 9 , BLOCK , INTERFACE_FUNCTION ) : NO_CHANGES
propertyUpdated( 9 , BLOCK , SIM_FUNCTION_NAME ) : NO_CHANGES
propertyUpdated( 9 , BLOCK , SIM_BLOCKTYPE ) : NO_CHANGES
propertyUpdated( 9 , BLOCK , UID ) : NO_CHANGES
propertyUpdated( 9 , BLOCK , STYLE ) : NO_CHANGES
propertyUpdated( 9 , BLOCK , LABEL ) : NO_CHANGES
propertyUpdated( 9 , BLOCK , GEOMETRY ) : NO_CHANGES
propertyUpdated( 9 , BLOCK , ANGLE ) : NO_CHANGES
propertyUpdated( 9 , BLOCK , STATE ) : NO_CHANGES
propertyUpdated( 9 , BLOCK , DSTATE ) : NO_CHANGES
propertyUpdated( 9 , BLOCK , RPAR ) : NO_CHANGES
propertyUpdated( 9 , BLOCK , SIM_DEP_UT ) : NO_CHANGES
propertyUpdated( 9 , BLOCK , ODSTATE ) : NO_CHANGES
propertyUpdated( 9 , BLOCK , NZCROSS ) : NO_CHANGES
propertyUpdated( 9 , BLOCK , NMODE ) : NO_CHANGES
propertyUpdated( 9 , BLOCK , IPAR ) : NO_CHANGES
propertyUpdated( 9 , BLOCK , OPAR ) : NO_CHANGES
propertyUpdated( 9 , BLOCK , EXPRS ) : NO_CHANGES
propertyUpdated( 9 , BLOCK , EQUATIONS ) : NO_CHANGES
propertyUpdated( 9 , BLOCK , PARENT_DIAGRAM ) : SUCCESS
propertyUpdated( 9 , BLOCK , INPUTS ) : NO_CHANGES
propertyUpdated( 9 , BLOCK , OUTPUTS ) : NO_CHANGES
propertyUpdated( 9 , BLOCK , EVENT_INPUTS ) : NO_CHANGES
propertyUpdated( 9 , BLOCK , EVENT_OUTPUTS ) : NO_CHANGES
propertyUpdated( 9 , BLOCK , PARENT_BLOCK ) : NO_CHANGES
propertyUpdated( 9 , BLOCK , CHILDREN ) : NO_CHANGES
propertyUpdated( 8 , DIAGRAM , CHILDREN ) : SUCCESS
propertyUpdated( 6 , BLOCK , CHILDREN ) : SUCCESS
propertyUpdated( 6 , BLOCK , PARENT_DIAGRAM ) : SUCCESS
propertyUpdated( 5 , DIAGRAM , CHILDREN ) : SUCCESS
// 'superD' is a diagram containing a SuperBlock
sBeforeInsert = size(superD.objs(1).model.rpar.objs);
superD.objs(1) = super;
propertyUpdated( 9 , BLOCK , PARENT_DIAGRAM ) : SUCCESS
objectDeleted( 8 , DIAGRAM )
objectCreated( 10 , BLOCK )
propertyUpdated( 10 , BLOCK , SIM_FUNCTION_API ) : NO_CHANGES
propertyUpdated( 10 , BLOCK , INTERFACE_FUNCTION ) : NO_CHANGES
propertyUpdated( 10 , BLOCK , SIM_FUNCTION_NAME ) : NO_CHANGES
propertyUpdated( 10 , BLOCK , SIM_BLOCKTYPE ) : NO_CHANGES
propertyUpdated( 10 , BLOCK , UID ) : NO_CHANGES
propertyUpdated( 10 , BLOCK , STYLE ) : NO_CHANGES
propertyUpdated( 10 , BLOCK , LABEL ) : NO_CHANGES
propertyUpdated( 10 , BLOCK , GEOMETRY ) : NO_CHANGES
propertyUpdated( 10 , BLOCK , ANGLE ) : NO_CHANGES
propertyUpdated( 10 , BLOCK , STATE ) : NO_CHANGES
propertyUpdated( 10 , BLOCK , DSTATE ) : NO_CHANGES
propertyUpdated( 10 , BLOCK , RPAR ) : NO_CHANGES
propertyUpdated( 10 , BLOCK , SIM_DEP_UT ) : NO_CHANGES
propertyUpdated( 10 , BLOCK , ODSTATE ) : NO_CHANGES
propertyUpdated( 10 , BLOCK , NZCROSS ) : NO_CHANGES
propertyUpdated( 10 , BLOCK , NMODE ) : NO_CHANGES
propertyUpdated( 10 , BLOCK , IPAR ) : NO_CHANGES
propertyUpdated( 10 , BLOCK , OPAR ) : NO_CHANGES
propertyUpdated( 10 , BLOCK , EXPRS ) : NO_CHANGES
propertyUpdated( 10 , BLOCK , EQUATIONS ) : NO_CHANGES
propertyUpdated( 10 , BLOCK , PARENT_DIAGRAM ) : NO_CHANGES
propertyUpdated( 10 , BLOCK , INPUTS ) : NO_CHANGES
propertyUpdated( 10 , BLOCK , OUTPUTS ) : NO_CHANGES
propertyUpdated( 10 , BLOCK , EVENT_INPUTS ) : NO_CHANGES
propertyUpdated( 10 , BLOCK , EVENT_OUTPUTS ) : NO_CHANGES
propertyUpdated( 10 , BLOCK , PARENT_BLOCK ) : NO_CHANGES
objectCreated( 11 , BLOCK )
propertyUpdated( 11 , BLOCK , SIM_FUNCTION_API ) : NO_CHANGES
propertyUpdated( 11 , BLOCK , INTERFACE_FUNCTION ) : NO_CHANGES
propertyUpdated( 11 , BLOCK , SIM_FUNCTION_NAME ) : NO_CHANGES
propertyUpdated( 11 , BLOCK , SIM_BLOCKTYPE ) : NO_CHANGES
propertyUpdated( 11 , BLOCK , UID ) : NO_CHANGES
propertyUpdated( 11 , BLOCK , STYLE ) : NO_CHANGES
propertyUpdated( 11 , BLOCK , LABEL ) : NO_CHANGES
propertyUpdated( 11 , BLOCK , GEOMETRY ) : NO_CHANGES
propertyUpdated( 11 , BLOCK , ANGLE ) : NO_CHANGES
propertyUpdated( 11 , BLOCK , STATE ) : NO_CHANGES
propertyUpdated( 11 , BLOCK , DSTATE ) : NO_CHANGES
propertyUpdated( 11 , BLOCK , RPAR ) : NO_CHANGES
propertyUpdated( 11 , BLOCK , SIM_DEP_UT ) : NO_CHANGES
propertyUpdated( 11 , BLOCK , ODSTATE ) : NO_CHANGES
propertyUpdated( 11 , BLOCK , NZCROSS ) : NO_CHANGES
propertyUpdated( 11 , BLOCK , NMODE ) : NO_CHANGES
propertyUpdated( 11 , BLOCK , IPAR ) : NO_CHANGES
propertyUpdated( 11 , BLOCK , OPAR ) : NO_CHANGES
propertyUpdated( 11 , BLOCK , EXPRS ) : NO_CHANGES
propertyUpdated( 11 , BLOCK , EQUATIONS ) : NO_CHANGES
propertyUpdated( 11 , BLOCK , PARENT_DIAGRAM ) : NO_CHANGES
propertyUpdated( 11 , BLOCK , INPUTS ) : NO_CHANGES
propertyUpdated( 11 , BLOCK , OUTPUTS ) : NO_CHANGES
propertyUpdated( 11 , BLOCK , EVENT_INPUTS ) : NO_CHANGES
propertyUpdated( 11 , BLOCK , EVENT_OUTPUTS ) : NO_CHANGES
propertyUpdated( 11 , BLOCK , PARENT_BLOCK ) : SUCCESS
propertyUpdated( 11 , BLOCK , CHILDREN ) : NO_CHANGES
propertyUpdated( 10 , BLOCK , CHILDREN ) : SUCCESS
objectCreated( 12 , DIAGRAM )
propertyUpdated( 12 , DIAGRAM , TITLE ) : NO_CHANGES
propertyUpdated( 12 , DIAGRAM , PATH ) : NO_CHANGES
propertyUpdated( 12 , DIAGRAM , VERSION_NUMBER ) : NO_CHANGES
propertyUpdated( 12 , DIAGRAM , PROPERTIES ) : NO_CHANGES
propertyUpdated( 12 , DIAGRAM , CONTEXT ) : NO_CHANGES
objectCreated( 13 , BLOCK )
propertyUpdated( 13 , BLOCK , SIM_FUNCTION_API ) : NO_CHANGES
propertyUpdated( 13 , BLOCK , INTERFACE_FUNCTION ) : NO_CHANGES
propertyUpdated( 13 , BLOCK , SIM_FUNCTION_NAME ) : NO_CHANGES
propertyUpdated( 13 , BLOCK , SIM_BLOCKTYPE ) : NO_CHANGES
propertyUpdated( 13 , BLOCK , UID ) : NO_CHANGES
propertyUpdated( 13 , BLOCK , STYLE ) : NO_CHANGES
propertyUpdated( 13 , BLOCK , LABEL ) : NO_CHANGES
propertyUpdated( 13 , BLOCK , GEOMETRY ) : NO_CHANGES
propertyUpdated( 13 , BLOCK , ANGLE ) : NO_CHANGES
propertyUpdated( 13 , BLOCK , STATE ) : NO_CHANGES
propertyUpdated( 13 , BLOCK , DSTATE ) : NO_CHANGES
propertyUpdated( 13 , BLOCK , RPAR ) : NO_CHANGES
propertyUpdated( 13 , BLOCK , SIM_DEP_UT ) : NO_CHANGES
propertyUpdated( 13 , BLOCK , ODSTATE ) : NO_CHANGES
propertyUpdated( 13 , BLOCK , NZCROSS ) : NO_CHANGES
propertyUpdated( 13 , BLOCK , NMODE ) : NO_CHANGES
propertyUpdated( 13 , BLOCK , IPAR ) : NO_CHANGES
propertyUpdated( 13 , BLOCK , OPAR ) : NO_CHANGES
propertyUpdated( 13 , BLOCK , EXPRS ) : NO_CHANGES
propertyUpdated( 13 , BLOCK , EQUATIONS ) : NO_CHANGES
propertyUpdated( 13 , BLOCK , PARENT_DIAGRAM ) : SUCCESS
propertyUpdated( 13 , BLOCK , INPUTS ) : NO_CHANGES
propertyUpdated( 13 , BLOCK , OUTPUTS ) : NO_CHANGES
propertyUpdated( 13 , BLOCK , EVENT_INPUTS ) : NO_CHANGES
propertyUpdated( 13 , BLOCK , EVENT_OUTPUTS ) : NO_CHANGES
propertyUpdated( 13 , BLOCK , PARENT_BLOCK ) : NO_CHANGES
propertyUpdated( 13 , BLOCK , CHILDREN ) : NO_CHANGES
propertyUpdated( 12 , DIAGRAM , CHILDREN ) : SUCCESS
propertyUpdated( 10 , BLOCK , CHILDREN ) : SUCCESS
propertyUpdated( 6 , BLOCK , PARENT_DIAGRAM ) : SUCCESS
propertyUpdated( 10 , BLOCK , PARENT_DIAGRAM ) : SUCCESS
propertyUpdated( 5 , DIAGRAM , CHILDREN ) : SUCCESS
sAfterInsert  = size(superD.objs(1).model.rpar.objs);
assert_checkequal(sizeBeforeInsert, 1);
assert_checkequal(sizeAfterInsert,  1);
// Check that all the model items are freed
clear
objectDeleted( 3 , BLOCK )
propertyUpdated( 4 , BLOCK , PARENT_DIAGRAM ) : SUCCESS
objectDeleted( 2 , DIAGRAM )
propertyUpdated( 4 , BLOCK , PARENT_BLOCK ) : SUCCESS
objectDeleted( 1 , BLOCK )
propertyUpdated( 13 , BLOCK , PARENT_DIAGRAM ) : SUCCESS
objectDeleted( 12 , DIAGRAM )
propertyUpdated( 10 , BLOCK , PARENT_DIAGRAM ) : SUCCESS
objectDeleted( 13 , BLOCK )
objectDeleted( 10 , BLOCK )
objectDeleted( 5 , DIAGRAM )
