// =============================================================================
// Scilab ( http://www.scilab.org/ ) - This file is part of Scilab
// Copyright (C) 2010 - DIGITEO - Clément DAVID
//
//  This file is distributed under the same license as the Scilab package.
// =============================================================================
// <-- TEST WITH XCOS -->
//
// <-- Non-regression test for bug 8480 -->
//
// <-- Bugzilla URL -->
// http://bugzilla.scilab.org/show_bug.cgi?id=8480
//
// <-- Short Description -->
// The debug block did not have a valid function type.
//
// start a clean scilab
Result_ref=[1,4,0;
1,4,0;
2,4,0;
2,4,0;
3,4,0;
3,4,0;
8,4,0;
8,4,0;
9,4,0;
9,4,0;
1,6,0;
1,6,0;
2,6,0;
2,6,0;
3,6,0;
3,6,0;
8,6,0;
8,6,0;
9,6,0;
9,6,0;
1,6,0;
1,6,0;
2,6,0;
2,6,0;
3,6,0;
3,6,0;
8,6,0;
8,6,0;
9,6,0;
9,6,0;
1,6,0;
1,6,0;
2,6,0;
2,6,0;
3,6,0;
3,6,0;
8,6,0;
8,6,0;
9,6,0;
9,6,0;
1,1,0;
1,1,0;
3,1,0;
3,1,0;
8,1,0;
8,1,0;
9,1,0;
9,1,0;
2,1,0;
2,1,0;
3,2,0;
3,2,0;
8,3,0;
8,3,0;
8,2,0;
8,2,0;
9,2,0;
9,2,0;
1,1,0.5;
1,1,0.5;
3,1,0.5;
3,1,0.5;
8,1,0.5;
8,1,0.5;
9,1,0.5;
9,1,0.5;
2,1,0.5;
2,1,0.5;
3,2,0.5;
3,2,0.5;
8,3,0.5;
8,3,0.5;
8,2,0.5;
8,2,0.5;
9,2,0.5;
9,2,0.5;
1,5,1;
1,5,1;
2,5,1;
2,5,1;
3,5,1;
3,5,1;
8,5,1;
8,5,1;
9,5,1;
9,5,1];
importXcosDiagram('SCI/modules/xcos/tests/nonreg_tests/bug_8480.xcos');
global Result;Result=[];
Info=scicos_simulate(scs_m,list());
le bloc 1 est appelé avec le drapeau 4 au temps 0.000000 
Entre dans le block 
Laisser le bloc 1 
le bloc 2 est appelé avec le drapeau 4 au temps 0.000000 
Entre dans le block 
Laisser le bloc 2 
le bloc 3 est appelé avec le drapeau 4 au temps 0.000000 
Entre dans le block 
Laisser le bloc 3 
le bloc 5 est appelé avec le drapeau 4 au temps 0.000000 
Entre dans le block 
Laisser le bloc 5 
le bloc 6 est appelé avec le drapeau 4 au temps 0.000000 
Entre dans le block 
Laisser le bloc 6 
le bloc 1 est appelé avec le drapeau 6 au temps 0.000000 
Entre dans le block 
Laisser le bloc 1 
le bloc 2 est appelé avec le drapeau 6 au temps 0.000000 
Entre dans le block 
Laisser le bloc 2 
le bloc 3 est appelé avec le drapeau 6 au temps 0.000000 
Entre dans le block 
Laisser le bloc 3 
le bloc 5 est appelé avec le drapeau 6 au temps 0.000000 
Entre dans le block 
Laisser le bloc 5 
le bloc 6 est appelé avec le drapeau 6 au temps 0.000000 
Entre dans le block 
Laisser le bloc 6 
le bloc 1 est appelé avec le drapeau 6 au temps 0.000000 
Entre dans le block 
Laisser le bloc 1 
le bloc 2 est appelé avec le drapeau 6 au temps 0.000000 
Entre dans le block 
Laisser le bloc 2 
le bloc 3 est appelé avec le drapeau 6 au temps 0.000000 
Entre dans le block 
Laisser le bloc 3 
le bloc 5 est appelé avec le drapeau 6 au temps 0.000000 
Entre dans le block 
Laisser le bloc 5 
le bloc 6 est appelé avec le drapeau 6 au temps 0.000000 
Entre dans le block 
Laisser le bloc 6 
le bloc 1 est appelé avec le drapeau 6 au temps 0.000000 
Entre dans le block 
Laisser le bloc 1 
le bloc 2 est appelé avec le drapeau 6 au temps 0.000000 
Entre dans le block 
Laisser le bloc 2 
le bloc 3 est appelé avec le drapeau 6 au temps 0.000000 
Entre dans le block 
Laisser le bloc 3 
le bloc 5 est appelé avec le drapeau 6 au temps 0.000000 
Entre dans le block 
Laisser le bloc 5 
le bloc 6 est appelé avec le drapeau 6 au temps 0.000000 
Entre dans le block 
Laisser le bloc 6 
Événement : 1 activé à t=0.000000
**mod**
le bloc 1 est appelé avec le drapeau 1 au temps 0.000000 
Entre dans le block 
Laisser le bloc 1 
le bloc 3 est appelé avec le drapeau 1 au temps 0.000000 
Entre dans le block 
Laisser le bloc 3 
le bloc 5 est appelé avec le drapeau 1 au temps 0.000000 
Entre dans le block 
Laisser le bloc 5 
le bloc 6 est appelé avec le drapeau 1 au temps 0.000000 
Entre dans le block 
Laisser le bloc 6 
le bloc 2 est appelé avec le drapeau 1 au temps 0.000000 
Entre dans le block 
Laisser le bloc 2 
le bloc 3 est appelé avec le drapeau 2 au temps 0.000000 
Entre dans le block 
Laisser le bloc 3 
le bloc 5 est appelé avec le drapeau 3 au temps 0.000000 
Entre dans le block 
Laisser le bloc 5 
le bloc 5 est appelé avec le drapeau 2 au temps 0.000000 
Entre dans le block 
Laisser le bloc 5 
le bloc 6 est appelé avec le drapeau 2 au temps 0.000000 
Entre dans le block 
Laisser le bloc 6 
Fin d'activation
Événement : 1 activé à t=0.500000
**mod**
le bloc 1 est appelé avec le drapeau 1 au temps 0.500000 
Entre dans le block 
Laisser le bloc 1 
le bloc 3 est appelé avec le drapeau 1 au temps 0.500000 
Entre dans le block 
Laisser le bloc 3 
le bloc 5 est appelé avec le drapeau 1 au temps 0.500000 
Entre dans le block 
Laisser le bloc 5 
le bloc 6 est appelé avec le drapeau 1 au temps 0.500000 
Entre dans le block 
Laisser le bloc 6 
le bloc 2 est appelé avec le drapeau 1 au temps 0.500000 
Entre dans le block 
Laisser le bloc 2 
le bloc 3 est appelé avec le drapeau 2 au temps 0.500000 
Entre dans le block 
Laisser le bloc 3 
le bloc 5 est appelé avec le drapeau 3 au temps 0.500000 
Entre dans le block 
Laisser le bloc 5 
le bloc 5 est appelé avec le drapeau 2 au temps 0.500000 
Entre dans le block 
Laisser le bloc 5 
le bloc 6 est appelé avec le drapeau 2 au temps 0.500000 
Entre dans le block 
Laisser le bloc 6 
Fin d'activation
le bloc 1 est appelé avec le drapeau 5 au temps 1.000000 
Entre dans le block 
Laisser le bloc 1 
le bloc 2 est appelé avec le drapeau 5 au temps 1.000000 
Entre dans le block 
Laisser le bloc 2 
le bloc 3 est appelé avec le drapeau 5 au temps 1.000000 
Entre dans le block 
Laisser le bloc 3 
le bloc 5 est appelé avec le drapeau 5 au temps 1.000000 
Entre dans le block 
Laisser le bloc 5 
le bloc 6 est appelé avec le drapeau 5 au temps 1.000000 
Entre dans le block 
Laisser le bloc 6 
if ~and(Result==Result_ref) then bugmes();quit;end
//k=find(Result(:,1)<>Result_ref(:,1));
clearglobal Result
