// =============================================================================
// Scilab ( http://www.scilab.org/ ) - This file is part of Scilab
// Copyright (C) 2010 - DIGITEO - Manuel Juliachs
//
//  This file is distributed under the same license as the Scilab package.
// =============================================================================
// <-- TEST WITH GRAPHIC -->
// <-- Non-regression test for bug 7188 -->
//
// <-- Bugzilla URL -->
// http://bugzilla.scilab.org/show_bug.cgi?id=7188
//
// <-- Short Description -->
// Deleting a Label causes Scilab to crash
//
plot3d();
a=gca();
delete(a.title);
A Label object cannot be deleted.
delete(a.x_label);
A Label object cannot be deleted.
delete(a.y_label);
A Label object cannot be deleted.
delete(a.z_label);
A Label object cannot be deleted.
// Deleting a label used to crash Scilab
// which should not occur now: Label objects cannot be
// directly deleted anymore.
